*** CheckFeatures log ***
g++ -I../include -I. -g -O2 -pthread -o TestGetTime TestGetTime.cpp GetTime1.cpp -lm
running
g++ -I../include -I. -g -O2 -pthread -o TestGetPID TestGetPID.cpp GetPID1.cpp -lm
g++ -I../include -I. -g -O2 -pthread CheckALIGNED_ARRAY.cpp -o CheckFeatures -lm
g++ -I../include -I. -g -O2 -pthread CheckBUILTIN_CLZL.cpp -o CheckFeatures -lm
g++ -I../include -I. -g -O2 -pthread CheckLL_TYPE.cpp -o CheckFeatures -lm
g++ -I../include -I. -g -O2 -pthread CheckSSSE3.cpp -o CheckFeatures -lm
CheckSSSE3.cpp:4:10: fatal error: emmintrin.h: No such file or directory
    4 | #include <emmintrin.h>
      |          ^~~~~~~~~~~~~
compilation terminated.
g++ -I../include -I. -g -O2 -pthread CheckAVX.cpp -o CheckFeatures -lm
CheckAVX.cpp:4:10: fatal error: immintrin.h: No such file or directory
    4 | #include <immintrin.h>
      |          ^~~~~~~~~~~~~
compilation terminated.
g++ -I../include -I. -g -O2 -pthread CheckPCLMUL.cpp -o CheckFeatures -lm
CheckPCLMUL.cpp:4:10: fatal error: wmmintrin.h: No such file or directory
    4 | #include <wmmintrin.h>
      |          ^~~~~~~~~~~~~
compilation terminated.
g++ -I../include -I. -g -O2 -pthread CheckAVX2.cpp -o CheckFeatures -lm
CheckAVX2.cpp:4:10: fatal error: immintrin.h: No such file or directory
    4 | #include <immintrin.h>
      |          ^~~~~~~~~~~~~
compilation terminated.
g++ -I../include -I. -g -O2 -pthread CheckFMA.cpp -o CheckFeatures -lm
CheckFMA.cpp:5:10: fatal error: immintrin.h: No such file or directory
    5 | #include <immintrin.h>
      |          ^~~~~~~~~~~~~
compilation terminated.
g++ -I../include -I. -g -O2 -pthread CheckAVX512F.cpp -o CheckFeatures -lm
CheckAVX512F.cpp:5:10: fatal error: immintrin.h: No such file or directory
    5 | #include <immintrin.h>
      |          ^~~~~~~~~~~~~
compilation terminated.
g++ -I../include -I. -g -O2 -pthread CheckCOPY_TRAITS1.cpp -o CheckFeatures -lm
g++ -I../include -I. -g -O2 -pthread CheckCOPY_TRAITS2.cpp -o CheckFeatures -lm
g++ -I../include -I. -g -O2 -pthread CheckCHRONO_TIME.cpp -o CheckFeatures -lm
g++ -I../include -I. -g -O2 -pthread CheckMACOS_TIME.cpp -o CheckFeatures -lm
CheckMACOS_TIME.cpp: In function ‘int main()’:
CheckMACOS_TIME.cpp:26:15: error: ‘_ntl_GetWallTime’ was not declared in this scope
   26 |    double t = _ntl_GetWallTime( );
      |               ^~~~~~~~~~~~~~~~
g++ -I../include -I. -g -O2 -pthread CheckPOSIX_TIME.cpp -o CheckFeatures -lm
g++ -I../include -I. -g -O2 -pthread CheckAES_NI.cpp -o CheckFeatures -lm
CheckAES_NI.cpp:6:10: fatal error: wmmintrin.h: No such file or directory
    6 | #include <wmmintrin.h>
      |          ^~~~~~~~~~~~~
compilation terminated.
g++ -I../include -I. -g -O2 -pthread CheckKMA.cpp -o CheckFeatures -lm
CheckKMA.cpp:11:2: error: #error "KMA not supported"
   11 | #error "KMA not supported"
      |  ^~~~~
